// Jest Snapshot v1, https://goo.gl/fbAQLP

exports[`GifCardControls should render 1`] = `
ShallowWrapper {
  "length": 1,
  Symbol(enzyme.__root__): [Circular],
  Symbol(enzyme.__unrendered__): <GifCardControls
    addRemoveGif={[MockFunction]}
    isFavorite={false}
  />,
  Symbol(enzyme.__renderer__): Object {
    "batchedUpdates": [Function],
    "getNode": [Function],
    "render": [Function],
    "simulateEvent": [Function],
    "unmount": [Function],
  },
  Symbol(enzyme.__node__): Object {
    "instance": null,
    "key": undefined,
    "nodeType": "class",
    "props": Object {
      "children": <styled.button
        active={true}
        onClick={[MockFunction]}
      >
         
        <h1>
          ✨ Fav me! ✨
        </h1>
         
      </styled.button>,
    },
    "ref": null,
    "rendered": Object {
      "instance": null,
      "key": undefined,
      "nodeType": "class",
      "props": Object {
        "active": true,
        "children": Array [
          " ",
          <h1>
            ✨ Fav me! ✨
          </h1>,
          " ",
        ],
        "onClick": [MockFunction],
      },
      "ref": null,
      "rendered": Array [
        " ",
        Object {
          "instance": null,
          "key": undefined,
          "nodeType": "host",
          "props": Object {
            "children": "✨ Fav me! ✨",
          },
          "ref": null,
          "rendered": "✨ Fav me! ✨",
          "type": "h1",
        },
        " ",
      ],
      "type": [Function],
    },
    "type": [Function],
  },
  Symbol(enzyme.__nodes__): Array [
    Object {
      "instance": null,
      "key": undefined,
      "nodeType": "class",
      "props": Object {
        "children": <styled.button
          active={true}
          onClick={[MockFunction]}
        >
           
          <h1>
            ✨ Fav me! ✨
          </h1>
           
        </styled.button>,
      },
      "ref": null,
      "rendered": Object {
        "instance": null,
        "key": undefined,
        "nodeType": "class",
        "props": Object {
          "active": true,
          "children": Array [
            " ",
            <h1>
              ✨ Fav me! ✨
            </h1>,
            " ",
          ],
          "onClick": [MockFunction],
        },
        "ref": null,
        "rendered": Array [
          " ",
          Object {
            "instance": null,
            "key": undefined,
            "nodeType": "host",
            "props": Object {
              "children": "✨ Fav me! ✨",
            },
            "ref": null,
            "rendered": "✨ Fav me! ✨",
            "type": "h1",
          },
          " ",
        ],
        "type": [Function],
      },
      "type": [Function],
    },
  ],
  Symbol(enzyme.__options__): Object {
    "adapter": ReactSixteenAdapter {
      "options": Object {
        "enableComponentDidUpdateOnSetState": true,
      },
    },
  },
}
`;
