// Jest Snapshot v1, https://goo.gl/fbAQLP

exports[`GifFavorite should render 1`] = `undefined`;
